// Jest Snapshot v1, https://goo.gl/fbAQLP

exports[`CollectedLandmarksContainer renders correctly 1`] = `
<View
  style={
    Object {
      "flex": 1,
    }
  }
>
  <View
    style={
      Array [
        Object {
          "flexGrow": 1,
        },
        Object {
          "bottom": 0,
          "left": 0,
          "position": "absolute",
          "right": 0,
          "top": 0,
        },
      ]
    }
  />
</View>
`;
