// Jest Snapshot v1, https://goo.gl/fbAQLP

exports[`Header renders correctly 1`] = `
<View
  style={
    Object {
      "alignItems": "center",
      "backgroundColor": "#e9e9e9",
      "display": "flex",
      "flex": 0.4,
      "flexDirection": "column",
      "justifyContent": "flex-end",
    }
  }
>
  <View>
    <View
      left="-25%"
      position="absolute"
      style={
        Object {
          "alignItems": "center",
          "backgroundColor": "transparent",
          "justifyContent": "center",
        }
      }
      theme={
        Object {
          "colors": Object {
            "disabled": "hsl(208, 8%, 90%)",
            "divider": "#bcbbc1",
            "error": "#ff190c",
            "grey0": "#393e42",
            "grey1": "#43484d",
            "grey2": "#5e6977",
            "grey3": "#86939e",
            "grey4": "#bdc6cf",
            "grey5": "#e1e8ee",
            "greyOutline": "#bbb",
            "platform": Object {
              "android": Object {
                "error": "#f44336",
                "primary": "#2196f3",
                "secondary": "#9C27B0",
                "success": "#4caf50",
                "warning": "#ffeb3b",
              },
              "ios": Object {
                "error": "#ff3b30",
                "primary": "#007aff",
                "secondary": "#5856d6",
                "success": "#4cd964",
                "warning": "#ffcc00",
              },
            },
            "primary": "#2089dc",
            "searchBg": "#303337",
            "secondary": "#8F0CE8",
            "success": "#52c41a",
            "warning": "#faad14",
          },
        }
      }
      top={-17}
      underlayColor="white"
    >
      <Text />
    </View>
  </View>
  <Text
    style={
      Object {
        "color": "#3c4859",
        "fontSize": 20,
        "fontWeight": "bold",
      }
    }
  >
    PIC YOUR LANDMARK
  </Text>
</View>
`;

exports[`Header should match the snapshot with the correct title text 1`] = `
<Component
  style={
    Object {
      "alignItems": "center",
      "backgroundColor": "#e9e9e9",
      "display": "flex",
      "flex": 0.4,
      "flexDirection": "column",
      "justifyContent": "flex-end",
    }
  }
>
  <Themed.Icon
    color="tomato"
    left="-25%"
    name="map-marker"
    position="absolute"
    size={22}
    top={-17}
    type="font-awesome"
  />
  <Component
    style={
      Object {
        "color": "#3c4859",
        "fontSize": 20,
        "fontWeight": "bold",
      }
    }
  >
    PIC YOUR LANDMARK
  </Component>
</Component>
`;
