// Jest Snapshot v1, https://goo.gl/fbAQLP

exports[`CameraWindow renders correctly 1`] = `
<Text>
  Request to access camera has not been made
</Text>
`;
