// Jest Snapshot v1, https://goo.gl/fbAQLP

exports[`Login renders correctly 1`] = `
<View
  style={
    Object {
      "alignItems": "center",
      "display": "flex",
      "flexDirection": "column",
      "height": "90%",
      "width": "100%",
    }
  }
>
  <View
    accessibilityIgnoresInvertColors={true}
    style={
      Object {
        "alignItems": "center",
        "display": "flex",
        "flex": 1,
        "flexDirection": "column",
        "height": "100%",
        "justifyContent": "space-evenly",
        "width": "100%",
      }
    }
  >
    <Image
      source={1}
      style={
        Array [
          Object {
            "bottom": 0,
            "left": 0,
            "position": "absolute",
            "right": 0,
            "top": 0,
          },
          Object {
            "height": "100%",
            "width": "100%",
          },
          undefined,
        ]
      }
    />
    <View
      style={
        Object {
          "backgroundColor": "black",
          "bottom": 0,
          "height": "100%",
          "left": 0,
          "opacity": 0.4,
          "position": "absolute",
          "right": 0,
          "top": 0,
        }
      }
    />
    <View>
      <View
        padding={15}
        style={
          Object {
            "alignItems": "center",
            "backgroundColor": "transparent",
            "justifyContent": "center",
          }
        }
        theme={
          Object {
            "colors": Object {
              "disabled": "hsl(208, 8%, 90%)",
              "divider": "#bcbbc1",
              "error": "#ff190c",
              "grey0": "#393e42",
              "grey1": "#43484d",
              "grey2": "#5e6977",
              "grey3": "#86939e",
              "grey4": "#bdc6cf",
              "grey5": "#e1e8ee",
              "greyOutline": "#bbb",
              "platform": Object {
                "android": Object {
                  "error": "#f44336",
                  "primary": "#2196f3",
                  "secondary": "#9C27B0",
                  "success": "#4caf50",
                  "warning": "#ffeb3b",
                },
                "ios": Object {
                  "error": "#ff3b30",
                  "primary": "#007aff",
                  "secondary": "#5856d6",
                  "success": "#4cd964",
                  "warning": "#ffcc00",
                },
              },
              "primary": "#2089dc",
              "searchBg": "#303337",
              "secondary": "#8F0CE8",
              "success": "#52c41a",
              "warning": "#faad14",
            },
          }
        }
        top={50}
        underlayColor="white"
      >
        <Text />
      </View>
    </View>
    <View>
      <TextInput
        allowFontScaling={true}
        onChangeText={[Function]}
        placeholder="Username"
        style={
          Object {
            "backgroundColor": "white",
            "borderColor": "gray",
            "borderWidth": 2,
            "height": 40,
            "opacity": 0.7,
            "padding": 5,
            "textAlign": "center",
            "top": -20,
            "width": 200,
          }
        }
        underlineColorAndroid="transparent"
        value=""
      />
      <TextInput
        allowFontScaling={true}
        onChangeText={[Function]}
        password={true}
        placeholder="Password"
        secureTextEntry={true}
        style={
          Object {
            "backgroundColor": "white",
            "borderColor": "gray",
            "borderWidth": 2,
            "height": 40,
            "opacity": 0.7,
            "padding": 5,
            "textAlign": "center",
            "top": -10,
            "width": 200,
          }
        }
        underlineColorAndroid="transparent"
        value=""
      />
      <TextInput
        allowFontScaling={true}
        onChangeText={[Function]}
        password={true}
        placeholder="Confirm Password"
        secureTextEntry={true}
        style={
          Object {
            "backgroundColor": "white",
            "borderColor": "gray",
            "borderWidth": 2,
            "height": 40,
            "opacity": 0.7,
            "padding": 5,
            "textAlign": "center",
            "width": 200,
          }
        }
        underlineColorAndroid="transparent"
        value=""
      />
      <View
        accessible={true}
        isTVSelectable={true}
        onResponderGrant={[Function]}
        onResponderMove={[Function]}
        onResponderRelease={[Function]}
        onResponderTerminate={[Function]}
        onResponderTerminationRequest={[Function]}
        onStartShouldSetResponder={[Function]}
        style={
          Object {
            "backgroundColor": "#e9e9e9",
            "borderRadius": 15,
            "opacity": 1,
            "padding": 10,
            "top": 10,
            "width": 200,
          }
        }
      >
        <Text>
          Create account
        </Text>
      </View>
    </View>
  </View>
</View>
`;
